[b'sohra', b'promotes', b'belarusian', b'industrial', b'products']
[(b'jsp', 0.059014734), (b'pretensioner', 0.04170656), (b'subfield', 0.041410044), (b'atomized', 0.03393904), (b'ares', 0.024466345), (b'meaningless', 0.0205465), (b'knpa', 0.019519964), (b'bahasa', 0.01698987), (b'evaluators', 0.013692406), (b'ceylon', 0.012129951)]
Article,8,7,of,1321/2014,identical,Article,3,7,of,that
